Microchip MPLAB XC8 Compiler V2.31

Linker command line:

-W-3 --edf=/opt/microchip/xc8/v2.31/pic/dat/en_msgs.txt -cn \
  -h+dist/default/production/Pseudo3859_Password.X.production.sym \
  --cmf=dist/default/production/Pseudo3859_Password.X.production.cmf -z \
  -Q16F887 -o/tmp/xcXjhHopn --defsym=__MPLAB_BUILD=1 \
  -Mdist/default/production/Pseudo3859_Password.X.production.map -E1 \
  -ver=XC8 Compiler --acfsm=1493 -ASTACK=0110h-016Fh -pstack=STACK \
  -ACODE=00h-07FFhx4 -ASTRCODE=00h-01FFFh -ASTRING=00h-0FFhx32 \
  -ACONST=00h-0FFhx32 -AENTRY=00h-0FFhx32 -ACOMMON=070h-07Fh \
  -ABANK0=020h-06Fh -ABANK1=0A0h-0EFh -ABANK2=0110h-016Fh \
  -ABANK3=0190h-01EFh -ARAM=020h-06Fh,0A0h-0EFh,0110h-016Fh,0190h-01EFh \
  -AABS1=020h-07Fh,0A0h-0EFh,0110h-016Fh,0190h-01EFh -ASFR0=00h-01Fh \
  -ASFR1=080h-09Fh -ASFR2=0100h-010Fh -ASFR3=0180h-018Fh \
  -ACONFIG=02007h-02008h -DCONFIG=2 -AIDLOC=02000h-02003h -DIDLOC=2 \
  -AEEDATA=00h-0FFh/02100h -peeprom_data=EEDATA -DEEDATA=2 -DCODE=2 \
  -DSTRCODE=2 -DSTRING=2 -DCONST=2 -DENTRY=2 \
  -preset_vec=00h,intentry,init,end_init -ppowerup=CODE -pcinit=CODE \
  -pfunctab=ENTRY -k /tmp/xcXBFjPDE.o \
  dist/default/production/Pseudo3859_Password.X.production.o 

Object code version is 3.11

Machine type is 16F887



                Name                               Link     Load   Length Selector   Space Scale
/tmp/xcXBFjPDE.o
                end_init                              0        0        3        0       0
                config                             2007     2007        2        0       4
dist/default/production/Pseudo3859_Password.X.production.o
                cinit                               7E1      7E1       1F      FC2       0
                config                             2007     2007        2        0       4
                text9                               3B3      3B3        7      766       0
                text8                               45B      45B       2D      8B6       0
                text7                               68F      68F      152      D1E       0
                text6                               3DD      3DD       18      7BA       0
                text5                               3F5      3F5       18      7EA       0
                text4                               488      488       40      910       0
                text3                               40D      40D       18      81A       0
                text2                               43D      43D       1E      87A       0
                text1                               56A      56A      125      AD4       0
                maintext                            4C8      4C8       A2      990       0
                cstackBANK0                          20       20       38       20       1
                cstackCOMMON                         70       70        C       70       1
                inittext                            3CA      3CA       13      794       0
                dataBANK1                            A0       A0       18       A0       1
                dataBANK0                            58       58       10       20       1
                idataBANK1                          425      425       18      84A       0
                idataBANK0                          3BA      3BA       10      774       0

TOTAL           Name                               Link     Load   Length     Space
        CLASS   STACK          

        CLASS   CODE           
                end_init                              0        0        3         0
                cinit                               7E1      7E1       1F         0
                text9                               3B3      3B3        7         0
                text8                               45B      45B       2D         0
                text7                               68F      68F      152         0
                text6                               3DD      3DD       18         0
                text5                               3F5      3F5       18         0
                text4                               488      488       40         0
                text3                               40D      40D       18         0
                text2                               43D      43D       1E         0
                text1                               56A      56A      125         0
                maintext                            4C8      4C8       A2         0
                inittext                            3CA      3CA       13         0
                idataBANK1                          425      425       18         0
                idataBANK0                          3BA      3BA       10         0

        CLASS   STRCODE        

        CLASS   STRING         

        CLASS   CONST          

        CLASS   ENTRY          

        CLASS   COMMON         
                cstackCOMMON                         70       70        C         1

        CLASS   BANK0          
                cstackBANK0                          20       20       38         1
                dataBANK0                            58       58       10         1

        CLASS   BANK1          
                dataBANK1                            A0       A0       18         1

        CLASS   BANK2          

        CLASS   BANK3          

        CLASS   RAM            

        CLASS   ABS1           
                abs_s1                               7E       7E        2         1

        CLASS   SFR0           

        CLASS   SFR1           

        CLASS   SFR2           

        CLASS   SFR3           

        CLASS   CONFIG         
                config                             2007     2007        2         4

        CLASS   IDLOC          

        CLASS   EEDATA         



SEGMENTS        Name                           Load    Length   Top    Selector   Space  Class     Delta

                text2                          00043D  00001E  00045B       87A       0  CODE        2
                text5                          0003F5  000018  00040D       7EA       0  CODE        2
                text3                          00040D  000018  000425       81A       0  CODE        2
                idataBANK1                     000425  000018  00043D       84A       0  CODE        2
                reset_vec                      000000  000003  000003         0       0  CODE        2
                text8                          00045B  00002D  000488       8B6       0  CODE        2
                text4                          000488  000040  0004C8       910       0  CODE        2
                text9                          0003B3  000007  0003BA       766       0  CODE        2
                idataBANK0                     0003BA  000010  0003CA       774       0  CODE        2
                inittext                       0003CA  000013  0003DD       794       0  CODE        2
                text6                          0003DD  000018  0003F5       7BA       0  CODE        2
                maintext                       0004C8  0000A2  00056A       990       0  CODE        2
                dataBANK1                      0000A0  000018  0000B8        A0       1  BANK1       1
                cstackBANK0                    000020  000048  000068        20       1  BANK0       1
                cinit                          0007E1  00001F  000800       FC2       0  CODE        2
                cstackCOMMON                   000070  00000C  00007C        70       1  COMMON      1
                text1                          00056A  000125  00068F       AD4       0  CODE        2
                text7                          00068F  000152  0007E1       D1E       0  CODE        2


UNUSED ADDRESS RANGES

        Name                Unused          Largest block    Delta
        BANK0            0068-006F              8           1
        BANK1            00B8-00EF             38           1
        BANK2            0110-016F             60           1
        BANK3            0190-01EF             60           1
        CODE             0003-03B2            3B0           2
                         0800-1FFF            800
        COMMON           007C-007D              2           1
        CONST            0003-03B2            100           2
                         0800-1FFF            100
        EEDATA           2100-21FF            100           2
        ENTRY            0003-03B2            100           2
                         0800-1FFF            100
        IDLOC            2000-2003              4           2
        RAM              0068-006F              8           1
                         00B8-00EF             38
                         0110-016F             60
                         0190-01EF             60
        SFR0             0000-001F             20           1
        SFR1             0080-009F             20           1
        SFR2             0100-010F             10           1
        SFR3             0180-018F             10           1
        STACK            0110-016F             60           1
        STRCODE          0003-03B2            3B0           2
                         0800-1FFF           1800
        STRING           0003-03B2            100           2
                         0800-1FFF            100

                                  Symbol Table

_ANSEL                   (abs)        0188
_ANSELH                  (abs)        0189
_C1ON                    (abs)        083F
_C2ON                    (abs)        0847
_PORTB                   (abs)        0006
_PORTCbits               (abs)        0007
_PORTDbits               (abs)        0008
_TRISB                   (abs)        0086
_TRISCbits               (abs)        0087
_TRISD                   (abs)        0088
_TRISDbits               (abs)        0088
__Habs1                  abs1         0000
__Hbank0                 bank0        0000
__Hbank1                 bank1        0000
__Hbank2                 bank2        0000
__Hbank3                 bank3        0000
__Hcinit                 cinit        0800
__Hclrtext               clrtext      0000
__Hcode                  code         0000
__Hcommon                common       0000
__Hconfig                config       2009
__HcstackBANK0           cstackBANK0  0000
__HcstackCOMMON          cstackCOMMON 0000
__HdataBANK0             dataBANK0    0000
__HdataBANK1             dataBANK1    0000
__Heeprom_data           eeprom_data  0000
__Hend_init              end_init     0003
__Hfunctab               functab      0000
__HidataBANK0            idataBANK0   0000
__HidataBANK1            idataBANK1   0000
__Hinit                  init         0000
__Hinittext              inittext     0000
__Hintentry              intentry     0000
__Hmaintext              maintext     0000
__Hpowerup               powerup      0000
__Hram                   ram          0000
__Hreset_vec             reset_vec    0000
__Hsfr0                  sfr0         0000
__Hsfr1                  sfr1         0000
__Hsfr2                  sfr2         0000
__Hsfr3                  sfr3         0000
__Hspace_0               (abs)        0800
__Hspace_1               (abs)        00B8
__Hspace_2               (abs)        0000
__Hspace_3               (abs)        0000
__Hspace_4               (abs)        4010
__Hstack                 stack        0000
__Hstrings               strings      0000
__Htext                  text         0000
__Labs1                  abs1         0000
__Lbank0                 bank0        0000
__Lbank1                 bank1        0000
__Lbank2                 bank2        0000
__Lbank3                 bank3        0000
__Lcinit                 cinit        07E1
__Lclrtext               clrtext      0000
__Lcode                  code         0000
__Lcommon                common       0000
__Lconfig                config       0000
__LcstackBANK0           cstackBANK0  0000
__LcstackCOMMON          cstackCOMMON 0000
__LdataBANK0             dataBANK0    0000
__LdataBANK1             dataBANK1    0000
__Leeprom_data           eeprom_data  0000
__Lend_init              end_init     0000
__Lfunctab               functab      0000
__LidataBANK0            idataBANK0   0000
__LidataBANK1            idataBANK1   0000
__Linit                  init         0000
__Linittext              inittext     0000
__Lintentry              intentry     0000
__Lmaintext              maintext     0000
__Lpowerup               powerup      0000
__Lram                   ram          0000
__Lreset_vec             reset_vec    0000
__Lsfr0                  sfr0         0000
__Lsfr1                  sfr1         0000
__Lsfr2                  sfr2         0000
__Lsfr3                  sfr3         0000
__Lspace_0               (abs)        0000
__Lspace_1               (abs)        0000
__Lspace_2               (abs)        0000
__Lspace_3               (abs)        0000
__Lspace_4               (abs)        0000
__Lstack                 stack        0000
__Lstrings               strings      0000
__Ltext                  text         0000
__S0                     (abs)        0800
__S1                     (abs)        00B8
__S2                     (abs)        0000
__S3                     (abs)        0000
___int_sp                stack        0000
___latbits               (abs)        0002
___sp                    stack        0000
___stackhi               (abs)        0000
___stacklo               (abs)        0000
__end_of__initialization cinit        07FC
__end_of_bcd_output      text7        07E1
__end_of_cdisplay        text9        03BA
__end_of_chk_passwd      text4        04C8
__end_of_clearreg        text3        0425
__end_of_disp_error      text6        03F5
__end_of_disp_success    text5        040D
__end_of_iohandler       text1        068F
__end_of_key_fwd         text2        045B
__end_of_main            maintext     056A
__end_of_mux_display     text8        0488
__initialization         cinit        07E1
__pcstackBANK0           cstackBANK0  0020
__pcstackCOMMON          cstackCOMMON 0070
__pdataBANK0             dataBANK0    0058
__pdataBANK1             dataBANK1    00A0
__pidataBANK0            idataBANK0   03BA
__pidataBANK1            idataBANK1   0425
__pmaintext              maintext     04C8
__ptext1                 text1        056A
__ptext2                 text2        043D
__ptext3                 text3        040D
__ptext4                 text4        0488
__ptext5                 text5        03F5
__ptext6                 text6        03DD
__ptext7                 text7        068F
__ptext8                 text8        045B
__ptext9                 text9        03B3
__size_of_bcd_output     (abs)        0000
__size_of_cdisplay       (abs)        0000
__size_of_chk_passwd     (abs)        0000
__size_of_clearreg       (abs)        0000
__size_of_disp_error     (abs)        0000
__size_of_disp_success   (abs)        0000
__size_of_iohandler      (abs)        0000
__size_of_key_fwd        (abs)        0000
__size_of_main           (abs)        0000
__size_of_mux_display    (abs)        0000
_bcd_output              text7        068F
_cdisplay                text9        03B3
_chk_passwd              text4        0488
_clearreg                text3        040D
_disp_error              text6        03DD
_disp_success            text5        03F5
_iohandler               text1        056A
_iohandler$228           cstackBANK0  0020
_iohandler$229           cstackBANK0  0022
_key_fwd                 text2        043D
_main                    maintext     04C8
_main$192                cstackBANK0  004B
_main$193                cstackBANK0  004D
_mux_display             text8        045B
bcd_output@F1362         dataBANK1    00AC
bcd_output@F1364         dataBANK1    00A0
bcd_output@F1366         dataBANK0    005C
bcd_output@F1368         dataBANK0    0058
bcd_output@aux_bus       cstackBANK0  003C
bcd_output@cwait         cstackCOMMON 0071
bcd_output@func          cstackBANK0  0040
bcd_output@li            cstackBANK0  0046
bcd_output@num_bcd_7seg  cstackBANK0  0020
bcd_output@num_erro_7seg cstackBANK0  0038
bcd_output@num_pass_7seg cstackBANK0  002C
bcd_output@pdisp         cstackBANK0  0047
bcd_output@pit           cstackCOMMON 0073
bcd_output@pr            cstackBANK0  0041
bcd_output@preg          cstackCOMMON 0072
bcd_output@sbus          cstackBANK0  0043
bcd_output@t             cstackBANK0  0045
bcd_output@value         cstackBANK0  0042
btemp                    (abs)        007E
chk_passwd@F1328         dataBANK0    0060
chk_passwd@breg          cstackCOMMON 007A
chk_passwd@i             cstackCOMMON 007B
chk_passwd@passwd        cstackCOMMON 0076
chk_passwd@preg          cstackCOMMON 0073
clearreg@breg            cstackCOMMON 0071
clearreg@i               cstackCOMMON 0072
disp_error@breg          cstackCOMMON 0071
disp_error@i             cstackCOMMON 0072
disp_success@breg        cstackCOMMON 0071
disp_success@i           cstackCOMMON 0072
end_of_initialization    cinit        07FC
init_fetch0              inittext     03CA
init_ram0                inittext     03CE
intlevel0                functab      0000
intlevel1                functab      0000
intlevel2                functab      0000
intlevel3                functab      0000
intlevel4                functab      0000
intlevel5                functab      0000
iohandler@bus            cstackBANK0  0024
iohandler@flag           cstackCOMMON 0076
iohandler@nreg           cstackCOMMON 0075
iohandler@pp             cstackBANK0  0025
iohandler@preg           cstackCOMMON 0074
key_fwd@bus              cstackCOMMON 0073
key_fwd@pos              cstackCOMMON 0070
main@F1323               dataBANK0    0064
main@bus_register        cstackBANK0  004F
main@ccall               cstackBANK0  0054
main@flag                cstackBANK0  0056
main@nreg                cstackBANK0  0055
main@pit                 cstackBANK0  0053
main@preg                cstackBANK0  0057
mux_display@pdisp        cstackCOMMON 0070
reset_vec                reset_vec    0000
start                    init         0000
start_initialization     cinit        07E1
wtemp0                   (abs)        007E


FUNCTION INFORMATION:

 *************** function _main *****************
 Defined at:
		line 76 in file "main.c"
 Parameters:    Size  Location     Type
		None
 Auto vars:     Size  Location     Type
  bus_register    4   47[BANK0 ] unsigned char [4]
  preg            1   55[BANK0 ] unsigned char 
  flag            1   54[BANK0 ] unsigned char 
  nreg            1   53[BANK0 ] unsigned char 
  ccall           1   52[BANK0 ] unsigned char 
  pit             1   51[BANK0 ] unsigned char 
 Return value:  Size  Location     Type
                  2   40[None  ] int 
 Registers used:
		wreg, fsr0l, fsr0h, status,2, status,0, pclath, cstack
 Tracked objects:
		On entry : 
		On exit  : 
		Unchanged: 
 Data sizes:     COMMON   BANK0   BANK1   BANK3   BANK2
      Params:         0       0       0       0       0
      Locals:         0      13       0       0       0
      Temps:          0       3       0       0       0
      Totals:         0      16       0       0       0
Total ram usage:       16 bytes
 Hardware stack levels required when called:    2
 This function calls:
		_bcd_output
		_chk_passwd
		_iohandler
 This function is called by:
		Startup code after reset
 This function uses a non-reentrant model


 *************** function _iohandler *****************
 Defined at:
		line 200 in file "main.c"
 Parameters:    Size  Location     Type
  bus             1    wreg     PTR unsigned char 
		 -> main@bus_register(4), 
  preg            1    4[COMMON] PTR unsigned char 
		 -> main@preg(1), 
  nreg            1    5[COMMON] PTR unsigned char 
		 -> main@nreg(1), 
  flag            1    6[COMMON] PTR unsigned char 
		 -> main@flag(1), 
 Auto vars:     Size  Location     Type
  bus             1    4[BANK0 ] PTR unsigned char 
		 -> main@bus_register(4), 
  pp              1    5[BANK0 ] unsigned char 
 Return value:  Size  Location     Type
                  1    wreg      void 
 Registers used:
		wreg, fsr0l, fsr0h, status,2, status,0, pclath, cstack
 Tracked objects:
		On entry : 
		On exit  : 
		Unchanged: 
 Data sizes:     COMMON   BANK0   BANK1   BANK3   BANK2
      Params:         3       0       0       0       0
      Locals:         0       6       0       0       0
      Temps:          3       0       0       0       0
      Totals:         6       6       0       0       0
Total ram usage:       12 bytes
 Hardware stack levels used:    1
 Hardware stack levels required when called:    1
 This function calls:
		_clearreg
		_key_fwd
 This function is called by:
		_main
 This function uses a non-reentrant model


 *************** function _key_fwd *****************
 Defined at:
		line 171 in file "main.c"
 Parameters:    Size  Location     Type
  bus             1    wreg     PTR unsigned char 
		 -> main@bus_register(4), 
  pos             1    0[COMMON] unsigned char 
 Auto vars:     Size  Location     Type
  bus             1    3[COMMON] PTR unsigned char 
		 -> main@bus_register(4), 
 Return value:  Size  Location     Type
                  1    wreg      void 
 Registers used:
		wreg, fsr0l, fsr0h, status,2, status,0
 Tracked objects:
		On entry : 
		On exit  : 
		Unchanged: 
 Data sizes:     COMMON   BANK0   BANK1   BANK3   BANK2
      Params:         1       0       0       0       0
      Locals:         1       0       0       0       0
      Temps:          2       0       0       0       0
      Totals:         4       0       0       0       0
Total ram usage:        4 bytes
 Hardware stack levels used:    1
 This function calls:
		Nothing
 This function is called by:
		_iohandler
 This function uses a non-reentrant model


 *************** function _clearreg *****************
 Defined at:
		line 181 in file "main.c"
 Parameters:    Size  Location     Type
  breg            1    wreg     PTR unsigned char 
		 -> main@bus_register(4), 
 Auto vars:     Size  Location     Type
  breg            1    1[COMMON] PTR unsigned char 
		 -> main@bus_register(4), 
  i               1    2[COMMON] unsigned char 
 Return value:  Size  Location     Type
                  1    wreg      void 
 Registers used:
		wreg, fsr0l, fsr0h, status,2, status,0
 Tracked objects:
		On entry : 
		On exit  : 
		Unchanged: 
 Data sizes:     COMMON   BANK0   BANK1   BANK3   BANK2
      Params:         0       0       0       0       0
      Locals:         2       0       0       0       0
      Temps:          1       0       0       0       0
      Totals:         3       0       0       0       0
Total ram usage:        3 bytes
 Hardware stack levels used:    1
 This function calls:
		Nothing
 This function is called by:
		_iohandler
 This function uses a non-reentrant model


 *************** function _chk_passwd *****************
 Defined at:
		line 123 in file "main.c"
 Parameters:    Size  Location     Type
  breg            1    wreg     PTR unsigned char 
		 -> main@bus_register(4), 
  preg            1    3[COMMON] PTR unsigned char 
		 -> main@preg(1), 
 Auto vars:     Size  Location     Type
  breg            1   10[COMMON] PTR unsigned char 
		 -> main@bus_register(4), 
  passwd          4    6[COMMON] unsigned char [4]
  i               1   11[COMMON] unsigned char 
 Return value:  Size  Location     Type
                  1    wreg      void 
 Registers used:
		wreg, fsr0l, fsr0h, status,2, status,0, pclath, cstack
 Tracked objects:
		On entry : 
		On exit  : 
		Unchanged: 
 Data sizes:     COMMON   BANK0   BANK1   BANK3   BANK2
      Params:         1       0       0       0       0
      Locals:         6       0       0       0       0
      Temps:          2       0       0       0       0
      Totals:         9       0       0       0       0
Total ram usage:        9 bytes
 Hardware stack levels used:    1
 Hardware stack levels required when called:    1
 This function calls:
		_disp_error
		_disp_success
 This function is called by:
		_main
 This function uses a non-reentrant model


 *************** function _disp_success *****************
 Defined at:
		line 145 in file "main.c"
 Parameters:    Size  Location     Type
  breg            1    wreg     PTR unsigned char 
		 -> main@bus_register(4), 
 Auto vars:     Size  Location     Type
  breg            1    1[COMMON] PTR unsigned char 
		 -> main@bus_register(4), 
  i               1    2[COMMON] unsigned char 
 Return value:  Size  Location     Type
                  1    wreg      void 
 Registers used:
		wreg, fsr0l, fsr0h, status,2, status,0
 Tracked objects:
		On entry : 
		On exit  : 
		Unchanged: 
 Data sizes:     COMMON   BANK0   BANK1   BANK3   BANK2
      Params:         0       0       0       0       0
      Locals:         2       0       0       0       0
      Temps:          1       0       0       0       0
      Totals:         3       0       0       0       0
Total ram usage:        3 bytes
 Hardware stack levels used:    1
 This function calls:
		Nothing
 This function is called by:
		_chk_passwd
 This function uses a non-reentrant model


 *************** function _disp_error *****************
 Defined at:
		line 158 in file "main.c"
 Parameters:    Size  Location     Type
  breg            1    wreg     PTR unsigned char 
		 -> main@bus_register(4), 
 Auto vars:     Size  Location     Type
  breg            1    1[COMMON] PTR unsigned char 
		 -> main@bus_register(4), 
  i               1    2[COMMON] unsigned char 
 Return value:  Size  Location     Type
                  1    wreg      void 
 Registers used:
		wreg, fsr0l, fsr0h, status,2, status,0
 Tracked objects:
		On entry : 
		On exit  : 
		Unchanged: 
 Data sizes:     COMMON   BANK0   BANK1   BANK3   BANK2
      Params:         0       0       0       0       0
      Locals:         2       0       0       0       0
      Temps:          1       0       0       0       0
      Totals:         3       0       0       0       0
Total ram usage:        3 bytes
 Hardware stack levels used:    1
 This function calls:
		Nothing
 This function is called by:
		_chk_passwd
 This function uses a non-reentrant model


 *************** function _bcd_output *****************
 Defined at:
		line 294 in file "main.c"
 Parameters:    Size  Location     Type
  value           1    wreg     PTR unsigned char 
		 -> main@bus_register(4), 
  cwait           1    1[COMMON] unsigned char 
  preg            1    2[COMMON] unsigned char 
  pit             1    3[COMMON] unsigned char 
 Auto vars:     Size  Location     Type
  value           1   34[BANK0 ] PTR unsigned char 
		 -> main@bus_register(4), 
  num_pass_7se   12   12[BANK0 ] unsigned char [12]
  num_bcd_7seg   12    0[BANK0 ] unsigned char [12]
  aux_bus         4   28[BANK0 ] unsigned char [4]
  num_erro_7se    4   24[BANK0 ] unsigned char [4]
  sbus            2   35[BANK0 ] unsigned int 
  pdisp           1   39[BANK0 ] unsigned char 
  li              1   38[BANK0 ] unsigned char 
  t               1   37[BANK0 ] unsigned char 
  pr              1   33[BANK0 ] unsigned char 
  func            1   32[BANK0 ] unsigned char 
 Return value:  Size  Location     Type
                  1    wreg      void 
 Registers used:
		wreg, fsr0l, fsr0h, status,2, status,0, pclath, cstack
 Tracked objects:
		On entry : 
		On exit  : 
		Unchanged: 
 Data sizes:     COMMON   BANK0   BANK1   BANK3   BANK2
      Params:         3       0       0       0       0
      Locals:         0      40       0       0       0
      Temps:          4       0       0       0       0
      Totals:         7      40       0       0       0
Total ram usage:       47 bytes
 Hardware stack levels used:    1
 Hardware stack levels required when called:    1
 This function calls:
		_cdisplay
		_mux_display
 This function is called by:
		_main
 This function uses a non-reentrant model


 *************** function _mux_display *****************
 Defined at:
		line 409 in file "main.c"
 Parameters:    Size  Location     Type
  pdisp           1    wreg     unsigned char 
 Auto vars:     Size  Location     Type
  pdisp           1    0[COMMON] unsigned char 
 Return value:  Size  Location     Type
                  1    wreg      void 
 Registers used:
		wreg, fsr0l, fsr0h, status,2, status,0
 Tracked objects:
		On entry : 
		On exit  : 
		Unchanged: 
 Data sizes:     COMMON   BANK0   BANK1   BANK3   BANK2
      Params:         0       0       0       0       0
      Locals:         1       0       0       0       0
      Temps:          0       0       0       0       0
      Totals:         1       0       0       0       0
Total ram usage:        1 bytes
 Hardware stack levels used:    1
 This function calls:
		Nothing
 This function is called by:
		_bcd_output
 This function uses a non-reentrant model


 *************** function _cdisplay *****************
 Defined at:
		line 277 in file "main.c"
 Parameters:    Size  Location     Type
		None
 Auto vars:     Size  Location     Type
		None
 Return value:  Size  Location     Type
                  1    wreg      void 
 Registers used:
		None
 Tracked objects:
		On entry : 
		On exit  : 
		Unchanged: 
 Data sizes:     COMMON   BANK0   BANK1   BANK3   BANK2
      Params:         0       0       0       0       0
      Locals:         0       0       0       0       0
      Temps:          0       0       0       0       0
      Totals:         0       0       0       0       0
Total ram usage:        0 bytes
 Hardware stack levels used:    1
 This function calls:
		Nothing
 This function is called by:
		_bcd_output
 This function uses a non-reentrant model



MODULE INFORMATION

Module		Function		Class		Link	Load	Size
shared
		__initialization		CODE           	07E1	0000	27

shared estimated size: 27

main.c
		_iohandler     		CODE           	056A	0000	293
		_key_fwd       		CODE           	043D	0000	30
		_main          		CODE           	04C8	0000	162
		_disp_success  		CODE           	03F5	0000	24
		_clearreg      		CODE           	040D	0000	24
		_disp_error    		CODE           	03DD	0000	24
		_mux_display   		CODE           	045B	0000	45
		_cdisplay      		CODE           	03B3	0000	7
		_bcd_output    		CODE           	068F	0000	338
		_chk_passwd    		CODE           	0488	0000	64

main.c estimated size: 1011

